cargo : warning: profiles for the non root package will be ignored, specify 
profiles at the workspace root:
At line:1 char:1
+ cargo check -p game-server 2>&1 > compile_errors.txt; cat compile_err ...
+ ~~~~~~~~~~~~~~~~~~~~~~~~~~~~~~~~~~~~~~~~~~~~~~~~~~~~
    + CategoryInfo          : NotSpecified: (warning: profil...workspace root: 
   :String) [], RemoteException
    + FullyQualifiedErrorId : NativeCommandError
 
package:   C:\26\march 25\game-wasm\Cargo.toml
workspace: C:\26\march 25\Cargo.toml
    Checking game-server v0.1.0 (C:\26\march 25\game-server)
error[E0425]: cannot find function `find_path` in module `game_core::pathfind`
  --> game-server\src\game_world.rs:60:78
   |
60 | ...                   if let Some(path) = 
game_core::pathfind::find_path(&self.map, start_tx, start_ty, adj_x, adj_y) {
   |                                                                ^^^^^^^^^ 
not found in `game_core::pathfind`

error[E0425]: cannot find function `find_path` in module `game_core::pathfind`
  --> game-server\src\game_world.rs:66:74
   |
66 | ...                   if let Some(path) = 
game_core::pathfind::find_path(&self.map, start_tx, start_ty, tx, ty) {
   |                                                                ^^^^^^^^^ 
not found in `game_core::pathfind`

warning: unused import: `ObjectUpdate`
 --> game-server\src\game_world.rs:3:54
  |
3 | use game_core::protocol::{ServerMsg, PlayerSnapshot, ObjectUpdate, 
ClientMsg};
  |                                                      ^^^^^^^^^^^^
  |
  = note: `#[warn(unused_imports)]` on by default

error[E0308]: mismatched types
  --> game-server\src\game_world.rs:94:25
   |
94 |                 health: p.hero.health,
   |                         ^^^^^^^^^^^^^ expected `i32`, found `u32`

error[E0308]: mismatched types
  --> game-server\src\game_world.rs:95:29
   |
95 |                 max_health: p.hero.max_health,
   |                             ^^^^^^^^^^^^^^^^^ expected `i32`, found `u32`

Some errors have detailed explanations: E0308, E0425.
For more information about an error, try `rustc --explain E0308`.
warning: `game-server` (bin "game-server") generated 1 warning
error: could not compile `game-server` (bin "game-server") due to 4 previous 
errors; 1 warning emitted
